// Jest Snapshot v1, https://goo.gl/fbAQLP

exports[`matches snapshot 1`] = `
<DocumentFragment>
  <div
    class="App"
  >
    <div
      class="TodoList"
    >
      <form>
        <label
          for="todo"
        >
          ToDo:
        </label>
        <input
          id="todo"
          name="todo"
          placeholder="Add New Todo"
          value="New ToDo"
        />
        <button>
          Add a new ToDo!
        </button>
      </form>
      <ul />
    </div>
  </div>
</DocumentFragment>
`;
