// Jest Snapshot v1, https://goo.gl/fbAQLP

exports[`matches snapshot 1`] = `
<DocumentFragment>
  <form>
    <label
      for="todo"
    >
      ToDo:
    </label>
    <input
      id="todo"
      name="todo"
      placeholder="Add New Todo"
      value="New ToDo"
    />
    <button>
      Add a new ToDo!
    </button>
  </form>
</DocumentFragment>
`;
